Archive member included because of file (symbol)

c:/program files (x86)/atmel/atmel toolchain/avr8 gcc/native/3.4.1061/avr8-gnu-toolchain/bin/../lib/gcc/avr/4.8.1/../../../../avr/lib/avr5\libm.a(addsf3.o)
                              Joystick.o (__subsf3)
c:/program files (x86)/atmel/atmel toolchain/avr8 gcc/native/3.4.1061/avr8-gnu-toolchain/bin/../lib/gcc/avr/4.8.1/../../../../avr/lib/avr5\libm.a(addsf3x.o)
                              c:/program files (x86)/atmel/atmel toolchain/avr8 gcc/native/3.4.1061/avr8-gnu-toolchain/bin/../lib/gcc/avr/4.8.1/../../../../avr/lib/avr5\libm.a(addsf3.o) (__addsf3x)
c:/program files (x86)/atmel/atmel toolchain/avr8 gcc/native/3.4.1061/avr8-gnu-toolchain/bin/../lib/gcc/avr/4.8.1/../../../../avr/lib/avr5\libm.a(cmpsf2.o)
                              Joystick.o (__ltsf2)
c:/program files (x86)/atmel/atmel toolchain/avr8 gcc/native/3.4.1061/avr8-gnu-toolchain/bin/../lib/gcc/avr/4.8.1/../../../../avr/lib/avr5\libm.a(fixsfsi.o)
                              Joystick.o (__fixsfsi)
c:/program files (x86)/atmel/atmel toolchain/avr8 gcc/native/3.4.1061/avr8-gnu-toolchain/bin/../lib/gcc/avr/4.8.1/../../../../avr/lib/avr5\libm.a(fixunssfsi.o)
                              Joystick.o (__fixunssfsi)
c:/program files (x86)/atmel/atmel toolchain/avr8 gcc/native/3.4.1061/avr8-gnu-toolchain/bin/../lib/gcc/avr/4.8.1/../../../../avr/lib/avr5\libm.a(floatsisf.o)
                              Joystick.o (__floatsisf)
c:/program files (x86)/atmel/atmel toolchain/avr8 gcc/native/3.4.1061/avr8-gnu-toolchain/bin/../lib/gcc/avr/4.8.1/../../../../avr/lib/avr5\libm.a(fp_cmp.o)
                              c:/program files (x86)/atmel/atmel toolchain/avr8 gcc/native/3.4.1061/avr8-gnu-toolchain/bin/../lib/gcc/avr/4.8.1/../../../../avr/lib/avr5\libm.a(cmpsf2.o) (__fp_cmp)
c:/program files (x86)/atmel/atmel toolchain/avr8 gcc/native/3.4.1061/avr8-gnu-toolchain/bin/../lib/gcc/avr/4.8.1/../../../../avr/lib/avr5\libm.a(fp_inf.o)
                              c:/program files (x86)/atmel/atmel toolchain/avr8 gcc/native/3.4.1061/avr8-gnu-toolchain/bin/../lib/gcc/avr/4.8.1/../../../../avr/lib/avr5\libm.a(addsf3x.o) (__fp_inf)
c:/program files (x86)/atmel/atmel toolchain/avr8 gcc/native/3.4.1061/avr8-gnu-toolchain/bin/../lib/gcc/avr/4.8.1/../../../../avr/lib/avr5\libm.a(fp_nan.o)
                              c:/program files (x86)/atmel/atmel toolchain/avr8 gcc/native/3.4.1061/avr8-gnu-toolchain/bin/../lib/gcc/avr/4.8.1/../../../../avr/lib/avr5\libm.a(addsf3x.o) (__fp_nan)
c:/program files (x86)/atmel/atmel toolchain/avr8 gcc/native/3.4.1061/avr8-gnu-toolchain/bin/../lib/gcc/avr/4.8.1/../../../../avr/lib/avr5\libm.a(fp_pscA.o)
                              c:/program files (x86)/atmel/atmel toolchain/avr8 gcc/native/3.4.1061/avr8-gnu-toolchain/bin/../lib/gcc/avr/4.8.1/../../../../avr/lib/avr5\libm.a(addsf3x.o) (__fp_pscA)
c:/program files (x86)/atmel/atmel toolchain/avr8 gcc/native/3.4.1061/avr8-gnu-toolchain/bin/../lib/gcc/avr/4.8.1/../../../../avr/lib/avr5\libm.a(fp_pscB.o)
                              c:/program files (x86)/atmel/atmel toolchain/avr8 gcc/native/3.4.1061/avr8-gnu-toolchain/bin/../lib/gcc/avr/4.8.1/../../../../avr/lib/avr5\libm.a(addsf3x.o) (__fp_pscB)
c:/program files (x86)/atmel/atmel toolchain/avr8 gcc/native/3.4.1061/avr8-gnu-toolchain/bin/../lib/gcc/avr/4.8.1/../../../../avr/lib/avr5\libm.a(fp_round.o)
                              c:/program files (x86)/atmel/atmel toolchain/avr8 gcc/native/3.4.1061/avr8-gnu-toolchain/bin/../lib/gcc/avr/4.8.1/../../../../avr/lib/avr5\libm.a(addsf3.o) (__fp_round)
c:/program files (x86)/atmel/atmel toolchain/avr8 gcc/native/3.4.1061/avr8-gnu-toolchain/bin/../lib/gcc/avr/4.8.1/../../../../avr/lib/avr5\libm.a(fp_split3.o)
                              c:/program files (x86)/atmel/atmel toolchain/avr8 gcc/native/3.4.1061/avr8-gnu-toolchain/bin/../lib/gcc/avr/4.8.1/../../../../avr/lib/avr5\libm.a(addsf3x.o) (__fp_split3)
c:/program files (x86)/atmel/atmel toolchain/avr8 gcc/native/3.4.1061/avr8-gnu-toolchain/bin/../lib/gcc/avr/4.8.1/../../../../avr/lib/avr5\libm.a(fp_zero.o)
                              c:/program files (x86)/atmel/atmel toolchain/avr8 gcc/native/3.4.1061/avr8-gnu-toolchain/bin/../lib/gcc/avr/4.8.1/../../../../avr/lib/avr5\libm.a(addsf3x.o) (__fp_zero)
c:/program files (x86)/atmel/atmel toolchain/avr8 gcc/native/3.4.1061/avr8-gnu-toolchain/bin/../lib/gcc/avr/4.8.1/../../../../avr/lib/avr5\libm.a(gesf2.o)
                              Joystick.o (__gtsf2)
c:/program files (x86)/atmel/atmel toolchain/avr8 gcc/native/3.4.1061/avr8-gnu-toolchain/bin/../lib/gcc/avr/4.8.1/../../../../avr/lib/avr5\libm.a(mulsf3.o)
                              Joystick.o (__mulsf3)
c:/program files (x86)/atmel/atmel toolchain/avr8 gcc/native/3.4.1061/avr8-gnu-toolchain/bin/../lib/gcc/avr/4.8.1/../../../../avr/lib/avr5\libm.a(mulsf3x.o)
[...]
Memory Configuration

Name             Origin             Length             Attributes
text             0x00000000         0x00020000         xr
data             0x00800060         0x0000ffa0         rw !x
eeprom           0x00810000         0x00010000         rw !x
fuse             0x00820000         0x00000400         rw !x
lock             0x00830000         0x00000400         rw !x
signature        0x00840000         0x00000400         rw !x
user_signatures  0x00850000         0x00000400         rw !x
*default*        0x00000000         0xffffffff

Linker script and memory map

Address of section .data set to 0x800100
LOAD c:/program files (x86)/atmel/atmel toolchain/avr8 gcc/native/3.4.1061/avr8-gnu-toolchain/bin/../lib/gcc/avr/4.8.1/../../../../avr/lib/avr5/crtm32u4.o
LOAD analog.o
LOAD Descriptors.o
LOAD encoder.o
LOAD Joystick.o
LOAD src/LUFA/LUFA/Drivers/USB/Class/Common/HIDParser.o
LOAD src/LUFA/LUFA/Drivers/USB/Class/Device/AudioClassDevice.o
LOAD src/LUFA/LUFA/Drivers/USB/Class/Device/CDCClassDevice.o
LOAD src/LUFA/LUFA/Drivers/USB/Class/Device/HIDClassDevice.o
LOAD src/LUFA/LUFA/Drivers/USB/Class/Device/MassStorageClassDevice.o
LOAD src/LUFA/LUFA/Drivers/USB/Class/Device/MIDIClassDevice.o
LOAD src/LUFA/LUFA/Drivers/USB/Class/Device/PrinterClassDevice.o
LOAD src/LUFA/LUFA/Drivers/USB/Class/Device/RNDISClassDevice.o
LOAD src/LUFA/LUFA/Drivers/USB/Class/Host/AndroidAccessoryClassHost.o
LOAD src/LUFA/LUFA/Drivers/USB/Class/Host/AudioClassHost.o
LOAD src/LUFA/LUFA/Drivers/USB/Class/Host/CDCClassHost.o
LOAD src/LUFA/LUFA/Drivers/USB/Class/Host/HIDClassHost.o
LOAD src/LUFA/LUFA/Drivers/USB/Class/Host/MassStorageClassHost.o
LOAD src/LUFA/LUFA/Drivers/USB/Class/Host/MIDIClassHost.o
LOAD src/LUFA/LUFA/Drivers/USB/Class/Host/PrinterClassHost.o
LOAD src/LUFA/LUFA/Drivers/USB/Class/Host/RNDISClassHost.o
LOAD src/LUFA/LUFA/Drivers/USB/Class/Host/StillImageClassHost.o
LOAD src/LUFA/LUFA/Drivers/USB/Core/AVR8/Device_AVR8.o
LOAD src/LUFA/LUFA/Drivers/USB/Core/AVR8/EndpointStream_AVR8.o
LOAD src/LUFA/LUFA/Drivers/USB/Core/AVR8/Endpoint_AVR8.o
LOAD src/LUFA/LUFA/Drivers/USB/Core/AVR8/Host_AVR8.o
LOAD src/LUFA/LUFA/Drivers/USB/Core/AVR8/PipeStream_AVR8.o
LOAD src/LUFA/LUFA/Drivers/USB/Core/AVR8/Pipe_AVR8.o
LOAD src/LUFA/LUFA/Drivers/USB/Core/AVR8/Template/Template_Endpoint_Control_R.o
LOAD src/LUFA/LUFA/Drivers/USB/Core/AVR8/Template/Template_Endpoint_Control_W.o
LOAD src/LUFA/LUFA/Drivers/USB/Core/AVR8/Template/Template_Endpoint_RW.o
LOAD src/LUFA/LUFA/Drivers/USB/Core/AVR8/Template/Template_Pipe_RW.o
LOAD src/LUFA/LUFA/Drivers/USB/Core/AVR8/USBController_AVR8.o
LOAD src/LUFA/LUFA/Drivers/USB/Core/AVR8/USBInterrupt_AVR8.o
LOAD src/LUFA/LUFA/Drivers/USB/Core/ConfigDescriptors.o
LOAD src/LUFA/LUFA/Drivers/USB/Core/DeviceStandardReq.o
LOAD src/LUFA/LUFA/Drivers/USB/Core/Events.o
LOAD src/LUFA/LUFA/Drivers/USB/Core/HostStandardReq.o
LOAD src/LUFA/LUFA/Drivers/USB/Core/USBTask.o
START GROUP
LOAD c:/program files (x86)/atmel/atmel toolchain/avr8 gcc/native/3.4.1061/avr8-gnu-toolchain/bin/../lib/gcc/avr/4.8.1/../../../../avr/lib/avr5\libm.a
END GROUP
START GROUP
LOAD c:/program files (x86)/atmel/atmel toolchain/avr8 gcc/native/3.4.1061/avr8-gnu-toolchain/bin/../lib/gcc/avr/4.8.1/avr5\libgcc.a
LOAD c:/program files (x86)/atmel/atmel toolchain/avr8 gcc/native/3.4.1061/avr8-gnu-toolchain/bin/../lib/gcc/avr/4.8.1/../../../../avr/lib/avr5\libm.a
LOAD c:/program files (x86)/atmel/atmel toolchain/avr8 gcc/native/3.4.1061/avr8-gnu-toolchain/bin/../lib/gcc/avr/4.8.1/../../../../avr/lib/avr5\libc.a
END GROUP

.hash
 *(.hash)

.dynsym
 *(.dynsym)

.dynstr
 *(.dynstr)

.gnu.version
 *(.gnu.version)

.gnu.version_d
 *(.gnu.version_d)

.gnu.version_r
 *(.gnu.version_r)

.rel.init
 *(.rel.init)

.rela.init
 *(.rela.init)

.rel.text
 *(.rel.text)
 *(.rel.text.*)
 *(.rel.gnu.linkonce.t*)

.rela.text
 *(.rela.text)
 *(.rela.text.*)
 *(.rela.gnu.linkonce.t*)

.rel.fini
 *(.rel.fini)

.rela.fini
 *(.rela.fini)

.rel.rodata
 *(.rel.rodata)
 *(.rel.rodata.*)
 *(.rel.gnu.linkonce.r*)

.rela.rodata
 *(.rela.rodata)
 *(.rela.rodata.*)
 *(.rela.gnu.linkonce.r*)

.rel.data
 *(.rel.data)
 *(.rel.data.*)
 *(.rel.gnu.linkonce.d*)

.rela.data
 *(.rela.data)
 *(.rela.data.*)
 *(.rela.gnu.linkonce.d*)

.rel.ctors
 *(.rel.ctors)

.rela.ctors
 *(.rela.ctors)

.rel.dtors
 *(.rel.dtors)

.rela.dtors
 *(.rela.dtors)

.rel.got
 *(.rel.got)

.rela.got
 *(.rela.got)

.rel.bss
 *(.rel.bss)

.rela.bss
 *(.rela.bss)

.rel.plt
 *(.rel.plt)

.rela.plt
 *(.rela.plt)

.text           0x00000000     0x1d30
 *(.vectors)
 .vectors       0x00000000       0xac c:/program files (x86)/atmel/atmel toolchain/avr8 gcc/native/3.4.1061/avr8-gnu-toolchain/bin/../lib/gcc/avr/4.8.1/../../../../avr/lib/avr5/crtm32u4.o
                0x00000000                __vector_default
                0x00000000                __vectors
 *(.vectors)
 *(.progmem.gcc*)
                0x000000ac                . = ALIGN (0x2)
                0x000000ac                __trampolines_start = .
 *(.trampolines)
 .trampolines   0x000000ac        0x0 linker stubs
 *(.trampolines*)
                0x000000ac                __trampolines_end = .
 *(.progmem*)
 .progmem.data.ProductString
                0x000000ac       0x36 Descriptors.o
                0x000000ac                ProductString
 .progmem.data.ManufacturerString
                0x000000e2       0x14 Descriptors.o
                0x000000e2                ManufacturerString
 .progmem.data.LanguageString
                0x000000f6        0x4 Descriptors.o
                0x000000f6                LanguageString
 .progmem.data.ConfigurationDescriptor
                0x000000fa       0x22 Descriptors.o
                0x000000fa                ConfigurationDescriptor
 .progmem.data.DeviceDescriptor
                0x0000011c       0x12 Descriptors.o
                0x0000011c                DeviceDescriptor
 .progmem.data.JoystickReport
                0x0000012e       0x58 Descriptors.o
                0x0000012e                JoystickReport
                0x00000186                . = ALIGN (0x2)
 *(.jumptables)
 *(.jumptables*)
 *(.lowtext)
 *(.lowtext*)
                0x00000186                __ctors_start = .
 *(.ctors)
                0x00000186                __ctors_end = .
                0x00000186                __dtors_start = .
 *(.dtors)
                0x00000186                __dtors_end = .
 SORT(*)(.ctors)
 SORT(*)(.dtors)
 *(.init0)
 .init0         0x00000186        0x0 c:/program files (x86)/atmel/atmel toolchain/avr8 gcc/native/3.4.1061/avr8-gnu-toolchain/bin/../lib/gcc/avr/4.8.1/../../../../avr/lib/avr5/crtm32u4.o
                0x00000186                __init
 *(.init0)
 *(.init1)
 *(.init1)
 *(.init2)
 .init2         0x00000186        0xc c:/program files (x86)/atmel/atmel toolchain/avr8 gcc/native/3.4.1061/avr8-gnu-toolchain/bin/../lib/gcc/avr/4.8.1/../../../../avr/lib/avr5/crtm32u4.o
 *(.init2)
 *(.init3)
 *(.init3)
 *(.init4)
 .init4         0x00000192       0x16 c:/program files (x86)/atmel/atmel toolchain/avr8 gcc/native/3.4.1061/avr8-gnu-toolchain/bin/../lib/gcc/avr/4.8.1/avr5\libgcc.a(_copy_data.o)
                0x00000192                __do_copy_data
 .init4         0x000001a8       0x10 c:/program files (x86)/atmel/atmel toolchain/avr8 gcc/native/3.4.1061/avr8-gnu-toolchain/bin/../lib/gcc/avr/4.8.1/avr5\libgcc.a(_clear_bss.o)
                0x000001a8                __do_clear_bss
 *(.init4)
 *(.init5)
 *(.init5)
 *(.init6)
 *(.init6)
 *(.init7)
 *(.init7)
 *(.init8)
 *(.init8)
 *(.init9)
 .init9         0x000001b8        0x6 c:/program files (x86)/atmel/atmel toolchain/avr8 gcc/native/3.4.1061/avr8-gnu-toolchain/bin/../lib/gcc/avr/4.8.1/../../../../avr/lib/avr5/crtm32u4.o
 *(.init9)
 *(.text)
 .text          0x000001be        0x2 c:/program files (x86)/atmel/atmel toolchain/avr8 gcc/native/3.4.1061/avr8-gnu-toolchain/bin/../lib/gcc/avr/4.8.1/../../../../avr/lib/avr5/crtm32u4.o
                0x000001be                __vector_38
                0x000001be                __vector_22
                0x000001be                __vector_28
                0x000001be                __vector_1
                0x000001be                __vector_32
                0x000001be                __vector_34
                0x000001be                __vector_24
                0x000001be                __vector_12
                0x000001be                __bad_interrupt
                0x000001be                __vector_6
                0x000001be                __vector_31
                0x000001be                __vector_35
                0x000001be                __vector_39
                0x000001be                __vector_23
                0x000001be                __vector_30
                0x000001be                __vector_25
                0x000001be                __vector_11
                0x000001be                __vector_13
                0x000001be                __vector_17
                0x000001be                __vector_19
                0x000001be                __vector_7
                0x000001be                __vector_41
                0x000001be                __vector_27
                0x000001be                __vector_5
                0x000001be                __vector_33
                0x000001be                __vector_37
                0x000001be                __vector_4
                0x000001be                __vector_9
                0x000001be                __vector_2
                0x000001be                __vector_21
                0x000001be                __vector_15
                0x000001be                __vector_36
                0x000001be                __vector_29
                0x000001be                __vector_40
                0x000001be                __vector_8
                0x000001be                __vector_26
                0x000001be                __vector_14
                0x000001be                __vector_16
                0x000001be                __vector_18
                0x000001be                __vector_20
                0x000001be                __vector_42
                0x000001c0                . = ALIGN (0x2)
 *(.text.*)
 .text.adc_read
                0x000001c0       0x36 analog.o
                0x000001c0                adc_read
 .text.CALLBACK_USB_GetDescriptor
                0x000001f6       0xa0 Descriptors.o
                0x000001f6                CALLBACK_USB_GetDescriptor
 .text.axesInit
                0x00000296       0x4a Joystick.o
                0x00000296                axesInit
 .text.InitPWM  0x000002e0        0xe Joystick.o
                0x000002e0                InitPWM
 .text.SetPWMOutput
                0x000002ee        0xc Joystick.o
                0x000002ee                SetPWMOutput
 .text.__vector_3
                0x000002fa       0x54 Joystick.o
                0x000002fa                __vector_3
 .text.SetupHardware
                0x0000034e       0x52 Joystick.o
                0x0000034e                SetupHardware
 .text.main     0x000003a0       0x26 Joystick.o
                0x000003a0                main
 .text.EVENT_USB_Device_Connect
                0x000003c6        0x2 Joystick.o
                0x000003c6                EVENT_USB_Device_Connect
 .text.EVENT_USB_Device_Disconnect
                0x000003c8        0x2 Joystick.o
                0x000003c8                EVENT_USB_Device_Disconnect
 .text.EVENT_USB_Device_ConfigurationChanged
                0x000003ca       0x12 Joystick.o
                0x000003ca                EVENT_USB_Device_ConfigurationChanged
 .text.EVENT_USB_Device_ControlRequest
                0x000003dc        0x8 Joystick.o
                0x000003dc                EVENT_USB_Device_ControlRequest
 .text.EVENT_USB_Device_StartOfFrame
                0x000003e4       0x18 Joystick.o
                0x000003e4                EVENT_USB_Device_StartOfFrame
 .text.CALLBACK_HID_Device_CreateHIDReport
                0x000003fc      0x5b6 Joystick.o
                0x000003fc                CALLBACK_HID_Device_CreateHIDReport
 .text.CALLBACK_HID_Device_ProcessHIDReport
                0x000009b2       0x34 Joystick.o
                0x000009b2                CALLBACK_HID_Device_ProcessHIDReport
 .text.HID_Device_ProcessControlRequest
                0x000009e6      0x294 src/LUFA/LUFA/Drivers/USB/Class/Device/HIDClassDevice.o
                0x000009e6                HID_Device_ProcessControlRequest
 .text.HID_Device_ConfigureEndpoints
                0x00000c7a       0x28 src/LUFA/LUFA/Drivers/USB/Class/Device/HIDClassDevice.o
                0x00000c7a                HID_Device_ConfigureEndpoints
 .text.HID_Device_USBTask
                0x00000ca2      0x17a src/LUFA/LUFA/Drivers/USB/Class/Device/HIDClassDevice.o
                0x00000ca2                HID_Device_USBTask
 .text.Endpoint_Write_Stream_LE
                0x00000e1c       0xba src/LUFA/LUFA/Drivers/USB/Core/AVR8/EndpointStream_AVR8.o
                0x00000e1c                Endpoint_Write_Stream_LE
 .text.Endpoint_Write_Control_Stream_LE
                0x00000ed6      0x10a src/LUFA/LUFA/Drivers/USB/Core/AVR8/EndpointStream_AVR8.o
                0x00000ed6                Endpoint_Write_Control_Stream_LE
 .text.Endpoint_Read_Control_Stream_LE
                0x00000fe0       0xfc src/LUFA/LUFA/Drivers/USB/Core/AVR8/EndpointStream_AVR8.o
                0x00000fe0                Endpoint_Read_Control_Stream_LE
 .text.Endpoint_Write_Control_PStream_LE
                0x000010dc      0x10a src/LUFA/LUFA/Drivers/USB/Core/AVR8/EndpointStream_AVR8.o
                0x000010dc                Endpoint_Write_Control_PStream_LE
 .text.Endpoint_ConfigureEndpoint_Prv
                0x000011e6       0xc8 src/LUFA/LUFA/Drivers/USB/Core/AVR8/Endpoint_AVR8.o
                0x000011e6                Endpoint_ConfigureEndpoint_Prv
 .text.Endpoint_ConfigureEndpointTable
                0x000012ae       0xba src/LUFA/LUFA/Drivers/USB/Core/AVR8/Endpoint_AVR8.o
                0x000012ae                Endpoint_ConfigureEndpointTable
 .text.Endpoint_ClearStatusStage
                0x00001368       0x48 src/LUFA/LUFA/Drivers/USB/Core/AVR8/Endpoint_AVR8.o
                0x00001368                Endpoint_ClearStatusStage
 .text.Endpoint_WaitUntilReady
                0x000013b0       0x84 src/LUFA/LUFA/Drivers/USB/Core/AVR8/Endpoint_AVR8.o
                0x000013b0                Endpoint_WaitUntilReady
 .text.USB_ResetInterface
                0x00001434       0x80 src/LUFA/LUFA/Drivers/USB/Core/AVR8/USBController_AVR8.o
                0x00001434                USB_ResetInterface
 .text.USB_Init
                0x000014b4       0x22 src/LUFA/LUFA/Drivers/USB/Core/AVR8/USBController_AVR8.o
                0x000014b4                USB_Init
 .text.USB_INT_DisableAllInterrupts
                0x000014d6       0x10 src/LUFA/LUFA/Drivers/USB/Core/AVR8/USBInterrupt_AVR8.o
                0x000014d6                USB_INT_DisableAllInterrupts
 .text.USB_INT_ClearAllInterrupts
                0x000014e6        0xa src/LUFA/LUFA/Drivers/USB/Core/AVR8/USBInterrupt_AVR8.o
                0x000014e6                USB_INT_ClearAllInterrupts
 .text.__vector_10
                0x000014f0      0x186 src/LUFA/LUFA/Drivers/USB/Core/AVR8/USBInterrupt_AVR8.o
                0x000014f0                __vector_10
 .text.USB_Device_ProcessControlRequest
                0x00001676      0x2de src/LUFA/LUFA/Drivers/USB/Core/DeviceStandardReq.o
                0x00001676                USB_Device_ProcessControlRequest
 .text.USB_Event_Stub
                0x00001954        0x2 src/LUFA/LUFA/Drivers/USB/Core/Events.o
                0x00001954                USB_Event_Stub
                0x00001954                EVENT_USB_Device_Suspend
                0x00001954                EVENT_USB_Device_Reset
                0x00001954                EVENT_USB_Device_WakeUp
 .text.USB_USBTask
                0x00001956       0x36 src/LUFA/LUFA/Drivers/USB/Core/USBTask.o
                0x00001956                USB_USBTask
 .text.avr-libc.fplib
                0x0000198c        0xa c:/program files (x86)/atmel/atmel toolchain/avr8 gcc/native/3.4.1061/avr8-gnu-toolchain/bin/../lib/gcc/avr/4.8.1/../../../../avr/lib/avr5\libm.a(addsf3.o)
                0x0000198c                __subsf3
                0x0000198e                __addsf3
 .text.avr-libc.fplib
                0x00001996       0xc0 c:/program files (x86)/atmel/atmel toolchain/avr8 gcc/native/3.4.1061/avr8-gnu-toolchain/bin/../lib/gcc/avr/4.8.1/../../../../avr/lib/avr5\libm.a(addsf3x.o)
                0x000019b0                __addsf3x
 .text.avr-libc.fplib
                0x00001a56        0x8 c:/program files (x86)/atmel/atmel toolchain/avr8 gcc/native/3.4.1061/avr8-gnu-toolchain/bin/../lib/gcc/avr/4.8.1/../../../../avr/lib/avr5\libm.a(cmpsf2.o)
                0x00001a56                __nesf2
                0x00001a56                __eqsf2
                0x00001a56                __cmpsf2
                0x00001a56                __ltsf2
                0x00001a56                __lesf2
 .text.avr-libc.fplib
                0x00001a5e        0xa c:/program files (x86)/atmel/atmel toolchain/avr8 gcc/native/3.4.1061/avr8-gnu-toolchain/bin/../lib/gcc/avr/4.8.1/../../../../avr/lib/avr5\libm.a(fixsfsi.o)
                0x00001a5e                __fixsfsi
 .text.avr-libc.fplib
                0x00001a68       0x58 c:/program files (x86)/atmel/atmel toolchain/avr8 gcc/native/3.4.1061/avr8-gnu-toolchain/bin/../lib/gcc/avr/4.8.1/../../../../avr/lib/avr5\libm.a(fixunssfsi.o)
                0x00001a68                __fixunssfsi
 .text.avr-libc.fplib
                0x00001ac0       0x7a c:/program files (x86)/atmel/atmel toolchain/avr8 gcc/native/3.4.1061/avr8-gnu-toolchain/bin/../lib/gcc/avr/4.8.1/../../../../avr/lib/avr5\libm.a(floatsisf.o)
                0x00001ac0                __floatunsisf
                0x00001ac4                __floatsisf
 .text.avr-libc.fplib
                0x00001b3a       0x48 c:/program files (x86)/atmel/atmel toolchain/avr8 gcc/native/3.4.1061/avr8-gnu-toolchain/bin/../lib/gcc/avr/4.8.1/../../../../avr/lib/avr5\libm.a(fp_cmp.o)
                0x00001b3a                __fp_cmp
 .text.avr-libc.fplib
                0x00001b82        0xc c:/program files (x86)/atmel/atmel toolchain/avr8 gcc/native/3.4.1061/avr8-gnu-toolchain/bin/../lib/gcc/avr/4.8.1/../../../../avr/lib/avr5\libm.a(fp_inf.o)
                0x00001b82                __fp_inf
 .text.avr-libc.fplib
                0x00001b8e        0x6 c:/program files (x86)/atmel/atmel toolchain/avr8 gcc/native/3.4.1061/avr8-gnu-toolchain/bin/../lib/gcc/avr/4.8.1/../../../../avr/lib/avr5\libm.a(fp_nan.o)
                0x00001b8e                __fp_nan
 .text.avr-libc.fplib
                0x00001b94        0xe c:/program files (x86)/atmel/atmel toolchain/avr8 gcc/native/3.4.1061/avr8-gnu-toolchain/bin/../lib/gcc/avr/4.8.1/../../../../avr/lib/avr5\libm.a(fp_pscA.o)
                0x00001b94                __fp_pscA
 .text.avr-libc.fplib
                0x00001ba2        0xe c:/program files (x86)/atmel/atmel toolchain/avr8 gcc/native/3.4.1061/avr8-gnu-toolchain/bin/../lib/gcc/avr/4.8.1/../../../../avr/lib/avr5\libm.a(fp_pscB.o)
                0x00001ba2                __fp_pscB
 .text.avr-libc.fplib
                0x00001bb0       0x22 c:/program files (x86)/atmel/atmel toolchain/avr8 gcc/native/3.4.1061/avr8-gnu-toolchain/bin/../lib/gcc/avr/4.8.1/../../../../avr/lib/avr5\libm.a(fp_round.o)
                0x00001bb0                __fp_round
 .text.avr-libc.fplib
                0x00001bd2       0x44 c:/program files (x86)/atmel/atmel toolchain/avr8 gcc/native/3.4.1061/avr8-gnu-toolchain/bin/../lib/gcc/avr/4.8.1/../../../../avr/lib/avr5\libm.a(fp_split3.o)
                0x00001bd2                __fp_split3
                0x00001be2                __fp_splitA
 .text.avr-libc.fplib
                0x00001c16        0xe c:/program files (x86)/atmel/atmel toolchain/avr8 gcc/native/3.4.1061/avr8-gnu-toolchain/bin/../lib/gcc/avr/4.8.1/../../../../avr/lib/avr5\libm.a(fp_zero.o)
                0x00001c16                __fp_zero
                0x00001c18                __fp_szero
 .text.avr-libc.fplib
                0x00001c24        0x8 c:/program files (x86)/atmel/atmel toolchain/avr8 gcc/native/3.4.1061/avr8-gnu-toolchain/bin/../lib/gcc/avr/4.8.1/../../../../avr/lib/avr5\libm.a(gesf2.o)
                0x00001c24                __gesf2
                0x00001c24                __gtsf2
 .text.avr-libc.fplib
                0x00001c2c        0x4 c:/program files (x86)/atmel/atmel toolchain/avr8 gcc/native/3.4.1061/avr8-gnu-toolchain/bin/../lib/gcc/avr/4.8.1/../../../../avr/lib/avr5\libm.a(mulsf3.o)
                0x00001c2c                __mulsf3
 .text.avr-libc.fplib
                0x00001c30       0xc2 c:/program files (x86)/atmel/atmel toolchain/avr8 gcc/native/3.4.1061/avr8-gnu-toolchain/bin/../lib/gcc/avr/4.8.1/../../../../avr/lib/avr5\libm.a(mulsf3x.o)
                0x00001c44                __mulsf3x
                0x00001c48                __mulsf3_pse
 .text.avr-libc
                0x00001cf2       0x1a c:/program files (x86)/atmel/atmel toolchain/avr8 gcc/native/3.4.1061/avr8-gnu-toolchain/bin/../lib/gcc/avr/4.8.1/../../../../avr/lib/avr5\libc.a(memcmp.o)
                0x00001cf2                memcmp
 .text.avr-libc
                0x00001d0c       0x12 c:/program files (x86)/atmel/atmel toolchain/avr8 gcc/native/3.4.1061/avr8-gnu-toolchain/bin/../lib/gcc/avr/4.8.1/../../../../avr/lib/avr5\libc.a(memcpy.o)
                0x00001d0c                memcpy
 .text.avr-libc
                0x00001d1e        0xe c:/program files (x86)/atmel/atmel toolchain/avr8 gcc/native/3.4.1061/avr8-gnu-toolchain/bin/../lib/gcc/avr/4.8.1/../../../../avr/lib/avr5\libc.a(memset.o)
                0x00001d1e                memset
                0x00001d2c                . = ALIGN (0x2)
 *(.fini9)
 .fini9         0x00001d2c        0x0 c:/program files (x86)/atmel/atmel toolchain/avr8 gcc/native/3.4.1061/avr8-gnu-toolchain/bin/../lib/gcc/avr/4.8.1/avr5\libgcc.a(_exit.o)
                0x00001d2c                _exit
                0x00001d2c                exit
 *(.fini9)
 *(.fini8)
 *(.fini8)
 *(.fini7)
 *(.fini7)
 *(.fini6)
 *(.fini6)
 *(.fini5)
 *(.fini5)
 *(.fini4)
 *(.fini4)
 *(.fini3)
 *(.fini3)
 *(.fini2)
 *(.fini2)
 *(.fini1)
 *(.fini1)
 *(.fini0)
 .fini0         0x00001d2c        0x4 c:/program files (x86)/atmel/atmel toolchain/avr8 gcc/native/3.4.1061/avr8-gnu-toolchain/bin/../lib/gcc/avr/4.8.1/avr5\libgcc.a(_exit.o)
 *(.fini0)
                0x00001d30                _etext = .

.data           0x00800100       0x1c load address 0x00001d30
                0x00800100                PROVIDE (__data_start, .)
 *(.data)
 *(.data*)
 .data.aref     0x00800100        0x1 analog.o
 .data.Joystick_HID_Interface
                0x00800101       0x10 Joystick.o
                0x00800101                Joystick_HID_Interface
 .data.ffb      0x00800111        0x2 Joystick.o
                0x00800111                ffb
 .data.gearY    0x00800113        0x2 Joystick.o
                0x00800113                gearY
 .data.gearX    0x00800115        0x2 Joystick.o
                0x00800115                gearX
 .data.n        0x00800117        0x4 Joystick.o
                0x00800117                n
 *(.rodata)
 *(.rodata*)
 *(.gnu.linkonce.d*)
                0x0080011c                . = ALIGN (0x2)
 *fill*         0x0080011b        0x1 
                0x0080011c                _edata = .
                0x0080011c                PROVIDE (__data_end, .)

.bss            0x0080011c       0x28
                0x0080011c                PROVIDE (__bss_start, .)
 *(.bss)
 *(.bss*)
 .bss.PrevJoystickHIDReportBuffer
                0x0080011c        0xe Joystick.o
 .bss.slAxis    0x0080012a        0x2 Joystick.o
                0x0080012a                slAxis
 .bss.zrAxis    0x0080012c        0x2 Joystick.o
                0x0080012c                zrAxis
 .bss.zAxis     0x0080012e        0x2 Joystick.o
                0x0080012e                zAxis
 .bss.wheel     0x00800130        0x4 Joystick.o
                0x00800130                wheel
 .bss.xChange   0x00800134        0x1 Joystick.o
                0x00800134                xChange
 *(COMMON)
 COMMON         0x00800135        0x2 Joystick.o
                0x00800135                ffbreport
 COMMON         0x00800137        0x3 src/LUFA/LUFA/Drivers/USB/Core/DeviceStandardReq.o
                0x00800137                USB_Device_ConfigurationNumber
                0x00800138                USB_Device_CurrentlySelfPowered
                0x00800139                USB_Device_RemoteWakeupEnabled
 COMMON         0x0080013a        0xa src/LUFA/LUFA/Drivers/USB/Core/USBTask.o
                0x0080013a                USB_IsInitialized
                0x0080013b                USB_DeviceState
                0x0080013c                USB_ControlRequest
                0x00800144                PROVIDE (__bss_end, .)
                0x00001d30                __data_load_start = LOADADDR (.data)
                0x00001d4c                __data_load_end = (__data_load_start + SIZEOF (.data))

.noinit         0x00800144        0x0
                0x00800144                PROVIDE (__noinit_start, .)
 *(.noinit*)
                0x00800144                PROVIDE (__noinit_end, .)
                0x00800144                _end = .
                0x00800144                PROVIDE (__heap_start, .)

.eeprom         0x00810000        0x0
 *(.eeprom*)
                0x00810000                __eeprom_end = .

.fuse
 *(.fuse)
 *(.lfuse)
 *(.hfuse)
 *(.efuse)

.lock
 *(.lock*)

.signature
 *(.signature*)

.user_signatures
 *(.user_signatures*)

.stab
 *(.stab)

.stabstr
 *(.stabstr)

.stab.excl
 *(.stab.excl)

.stab.exclstr
 *(.stab.exclstr)

.stab.index
 *(.stab.index)

.stab.indexstr
 *(.stab.indexstr)

.comment        0x00000000       0x30
 *(.comment)
 .comment       0x00000000       0x30 analog.o
                                 0x31 (size before relaxing)
 .comment       0x00000000       0x31 Descriptors.o
 .comment       0x00000000       0x31 Joystick.o
 .comment       0x00000000       0x31 src/LUFA/LUFA/Drivers/USB/Class/Device/HIDClassDevice.o
 .comment       0x00000000       0x31 src/LUFA/LUFA/Drivers/USB/Core/AVR8/EndpointStream_AVR8.o
 .comment       0x00000000       0x31 src/LUFA/LUFA/Drivers/USB/Core/AVR8/Endpoint_AVR8.o
 .comment       0x00000000       0x31 src/LUFA/LUFA/Drivers/USB/Core/AVR8/USBController_AVR8.o
 .comment       0x00000000       0x31 src/LUFA/LUFA/Drivers/USB/Core/AVR8/USBInterrupt_AVR8.o
 .comment       0x00000000       0x31 src/LUFA/LUFA/Drivers/USB/Core/DeviceStandardReq.o
 .comment       0x00000000       0x31 src/LUFA/LUFA/Drivers/USB/Core/Events.o
 .comment       0x00000000       0x31 src/LUFA/LUFA/Drivers/USB/Core/USBTask.o

.note.gnu.build-id
 *(.note.gnu.build-id)

.debug
 *(.debug)

.line
 *(.line)

.debug_srcinfo
 *(.debug_srcinfo)

.debug_sfnames
 *(.debug_sfnames)

.debug_aranges  0x00000000      0x2c8
 *(.debug_aranges)
 .debug_aranges
                0x00000000       0x30 analog.o
 .debug_aranges
                0x00000030       0x20 Descriptors.o
 .debug_aranges
                0x00000050       0x80 Joystick.o
 .debug_aranges
                0x000000d0       0x30 src/LUFA/LUFA/Drivers/USB/Class/Device/HIDClassDevice.o
 .debug_aranges
                0x00000100       0xc8 src/LUFA/LUFA/Drivers/USB/Core/AVR8/EndpointStream_AVR8.o
 .debug_aranges
                0x000001c8       0x40 src/LUFA/LUFA/Drivers/USB/Core/AVR8/Endpoint_AVR8.o
 .debug_aranges
                0x00000208       0x30 src/LUFA/LUFA/Drivers/USB/Core/AVR8/USBController_AVR8.o
 .debug_aranges
                0x00000238       0x30 src/LUFA/LUFA/Drivers/USB/Core/AVR8/USBInterrupt_AVR8.o
 .debug_aranges
                0x00000268       0x20 src/LUFA/LUFA/Drivers/USB/Core/DeviceStandardReq.o
 .debug_aranges
                0x00000288       0x20 src/LUFA/LUFA/Drivers/USB/Core/Events.o
 .debug_aranges
                0x000002a8       0x20 src/LUFA/LUFA/Drivers/USB/Core/USBTask.o

.debug_pubnames
 *(.debug_pubnames)

.debug_info     0x00000000     0x54f9
 *(.debug_info .gnu.linkonce.wi.*)
 .debug_info    0x00000000      0x18d analog.o
 .debug_info    0x0000018d      0x6f2 Descriptors.o
 .debug_info    0x0000087f      0xb69 Joystick.o
 .debug_info    0x000013e8      0xa3f src/LUFA/LUFA/Drivers/USB/Class/Device/HIDClassDevice.o
 .debug_info    0x00001e27     0x1804 src/LUFA/LUFA/Drivers/USB/Core/AVR8/EndpointStream_AVR8.o
 .debug_info    0x0000362b      0x612 src/LUFA/LUFA/Drivers/USB/Core/AVR8/Endpoint_AVR8.o
 .debug_info    0x00003c3d      0x4ce src/LUFA/LUFA/Drivers/USB/Core/AVR8/USBController_AVR8.o
 .debug_info    0x0000410b      0x677 src/LUFA/LUFA/Drivers/USB/Core/AVR8/USBInterrupt_AVR8.o
 .debug_info    0x00004782      0xa8c src/LUFA/LUFA/Drivers/USB/Core/DeviceStandardReq.o
 .debug_info    0x0000520e       0x7c src/LUFA/LUFA/Drivers/USB/Core/Events.o
 .debug_info    0x0000528a      0x26f src/LUFA/LUFA/Drivers/USB/Core/USBTask.o

.debug_abbrev   0x00000000     0x1488
 *(.debug_abbrev)
 .debug_abbrev  0x00000000       0xec analog.o
 .debug_abbrev  0x000000ec      0x169 Descriptors.o
 .debug_abbrev  0x00000255      0x3b5 Joystick.o
 .debug_abbrev  0x0000060a      0x260 src/LUFA/LUFA/Drivers/USB/Class/Device/HIDClassDevice.o
 .debug_abbrev  0x0000086a      0x218 src/LUFA/LUFA/Drivers/USB/Core/AVR8/EndpointStream_AVR8.o
 .debug_abbrev  0x00000a82      0x223 src/LUFA/LUFA/Drivers/USB/Core/AVR8/Endpoint_AVR8.o
 .debug_abbrev  0x00000ca5      0x18b src/LUFA/LUFA/Drivers/USB/Core/AVR8/USBController_AVR8.o
 .debug_abbrev  0x00000e30      0x1d8 src/LUFA/LUFA/Drivers/USB/Core/AVR8/USBInterrupt_AVR8.o
 .debug_abbrev  0x00001008      0x2ce src/LUFA/LUFA/Drivers/USB/Core/DeviceStandardReq.o
 .debug_abbrev  0x000012d6       0x47 src/LUFA/LUFA/Drivers/USB/Core/Events.o
 .debug_abbrev  0x0000131d      0x16b src/LUFA/LUFA/Drivers/USB/Core/USBTask.o

.debug_line     0x00000000     0x8cf7
 *(.debug_line .debug_line.* .debug_line_end)
 .debug_line    0x00000000      0x298 analog.o
 .debug_line    0x00000298      0xce8 Descriptors.o
 .debug_line    0x00000f80     0x145a Joystick.o
 .debug_line    0x000023da     0x10f0 src/LUFA/LUFA/Drivers/USB/Class/Device/HIDClassDevice.o
 .debug_line    0x000034ca     0x20de src/LUFA/LUFA/Drivers/USB/Core/AVR8/EndpointStream_AVR8.o
 .debug_line    0x000055a8      0xcb0 src/LUFA/LUFA/Drivers/USB/Core/AVR8/Endpoint_AVR8.o
 .debug_line    0x00006258      0x8ca src/LUFA/LUFA/Drivers/USB/Core/AVR8/USBController_AVR8.o
 .debug_line    0x00006b22      0xaf4 src/LUFA/LUFA/Drivers/USB/Core/AVR8/USBInterrupt_AVR8.o
 .debug_line    0x00007616      0xa7d src/LUFA/LUFA/Drivers/USB/Core/DeviceStandardReq.o
 .debug_line    0x00008093      0x472 src/LUFA/LUFA/Drivers/USB/Core/Events.o
 .debug_line    0x00008505      0x7f2 src/LUFA/LUFA/Drivers/USB/Core/USBTask.o

.debug_frame    0x00000000      0xb00
 *(.debug_frame)
 .debug_frame   0x00000000       0x44 analog.o
 .debug_frame   0x00000044       0x24 Descriptors.o
 .debug_frame   0x00000068      0x128 Joystick.o
 .debug_frame   0x00000190       0xf4 src/LUFA/LUFA/Drivers/USB/Class/Device/HIDClassDevice.o
 .debug_frame   0x00000284      0x61c src/LUFA/LUFA/Drivers/USB/Core/AVR8/EndpointStream_AVR8.o
 .debug_frame   0x000008a0       0xec src/LUFA/LUFA/Drivers/USB/Core/AVR8/Endpoint_AVR8.o
 .debug_frame   0x0000098c       0x58 src/LUFA/LUFA/Drivers/USB/Core/AVR8/USBController_AVR8.o
 .debug_frame   0x000009e4       0x8c src/LUFA/LUFA/Drivers/USB/Core/AVR8/USBInterrupt_AVR8.o
 .debug_frame   0x00000a70       0x40 src/LUFA/LUFA/Drivers/USB/Core/DeviceStandardReq.o
 .debug_frame   0x00000ab0       0x24 src/LUFA/LUFA/Drivers/USB/Core/Events.o
 .debug_frame   0x00000ad4       0x2c src/LUFA/LUFA/Drivers/USB/Core/USBTask.o

.debug_str      0x00000000    0x17cf5
 *(.debug_str)
 .debug_str     0x00000000     0xa636 analog.o
                               0xa738 (size before relaxing)
 .debug_str     0x0000a636     0xad33 Descriptors.o
                              0x15557 (size before relaxing)
 .debug_str     0x00015369     0x1138 Joystick.o
                              0x15fa3 (size before relaxing)
 .debug_str     0x000164a1      0x399 src/LUFA/LUFA/Drivers/USB/Class/Device/HIDClassDevice.o
                              0x15348 (size before relaxing)
 .debug_str     0x0001683a      0x9ee src/LUFA/LUFA/Drivers/USB/Core/AVR8/EndpointStream_AVR8.o
                               0xfa0b (size before relaxing)
 .debug_str     0x00017228      0x270 src/LUFA/LUFA/Drivers/USB/Core/AVR8/Endpoint_AVR8.o
                               0xf0ad (size before relaxing)
 .debug_str     0x00017498      0x222 src/LUFA/LUFA/Drivers/USB/Core/AVR8/USBController_AVR8.o
                               0xf00d (size before relaxing)
 .debug_str     0x000176ba      0x11a src/LUFA/LUFA/Drivers/USB/Core/AVR8/USBInterrupt_AVR8.o
                               0xefc1 (size before relaxing)
 .debug_str     0x000177d4      0x450 src/LUFA/LUFA/Drivers/USB/Core/DeviceStandardReq.o
                               0xf47e (size before relaxing)
 .debug_str     0x00017c24       0x53 src/LUFA/LUFA/Drivers/USB/Core/Events.o
                               0xe24f (size before relaxing)
 .debug_str     0x00017c77       0x7e src/LUFA/LUFA/Drivers/USB/Core/USBTask.o
                               0xee2c (size before relaxing)

.debug_loc      0x00000000     0x4090
 *(.debug_loc)
 .debug_loc     0x00000000       0xc4 analog.o
 .debug_loc     0x000000c4      0x2d3 Descriptors.o
 .debug_loc     0x00000397      0x32b Joystick.o
 .debug_loc     0x000006c2      0x484 src/LUFA/LUFA/Drivers/USB/Class/Device/HIDClassDevice.o
 .debug_loc     0x00000b46     0x2958 src/LUFA/LUFA/Drivers/USB/Core/AVR8/EndpointStream_AVR8.o
 .debug_loc     0x0000349e      0x62c src/LUFA/LUFA/Drivers/USB/Core/AVR8/Endpoint_AVR8.o
 .debug_loc     0x00003aca       0x49 src/LUFA/LUFA/Drivers/USB/Core/AVR8/USBController_AVR8.o
 .debug_loc     0x00003b13      0x247 src/LUFA/LUFA/Drivers/USB/Core/AVR8/USBInterrupt_AVR8.o
 .debug_loc     0x00003d5a      0x2ed src/LUFA/LUFA/Drivers/USB/Core/DeviceStandardReq.o
 .debug_loc     0x00004047       0x49 src/LUFA/LUFA/Drivers/USB/Core/USBTask.o

.debug_macinfo
 *(.debug_macinfo)

.debug_weaknames
 *(.debug_weaknames)

.debug_funcnames
 *(.debug_funcnames)

.debug_typenames
 *(.debug_typenames)

.debug_varnames
 *(.debug_varnames)

.debug_pubtypes
 *(.debug_pubtypes)

.debug_ranges   0x00000000      0xd78
 *(.debug_ranges)
 .debug_ranges  0x00000000       0x20 analog.o
 .debug_ranges  0x00000020       0x10 Descriptors.o
 .debug_ranges  0x00000030       0x70 Joystick.o
 .debug_ranges  0x000000a0       0x20 src/LUFA/LUFA/Drivers/USB/Class/Device/HIDClassDevice.o
 .debug_ranges  0x000000c0      0xa38 src/LUFA/LUFA/Drivers/USB/Core/AVR8/EndpointStream_AVR8.o
 .debug_ranges  0x00000af8      0x1c8 src/LUFA/LUFA/Drivers/USB/Core/AVR8/Endpoint_AVR8.o
 .debug_ranges  0x00000cc0       0x20 src/LUFA/LUFA/Drivers/USB/Core/AVR8/USBController_AVR8.o
 .debug_ranges  0x00000ce0       0x20 src/LUFA/LUFA/Drivers/USB/Core/AVR8/USBInterrupt_AVR8.o
 .debug_ranges  0x00000d00       0x58 src/LUFA/LUFA/Drivers/USB/Core/DeviceStandardReq.o
 .debug_ranges  0x00000d58       0x10 src/LUFA/LUFA/Drivers/USB/Core/Events.o
 .debug_ranges  0x00000d68       0x10 src/LUFA/LUFA/Drivers/USB/Core/USBTask.o

.debug_macro    0x00000000     0x7860
 *(.debug_macro)
 .debug_macro   0x00000000       0xa7 analog.o
 .debug_macro   0x000000a7      0xa4e analog.o
 .debug_macro   0x00000af5       0x10 analog.o
 .debug_macro   0x00000b05      0x1ad analog.o
 .debug_macro   0x00000cb2      0x293 analog.o
 .debug_macro   0x00000f45       0x9e analog.o
 .debug_macro   0x00000fe3     0x20f4 analog.o
 .debug_macro   0x000030d7      0x14f analog.o
 .debug_macro   0x00003226       0xd9 analog.o
 .debug_macro   0x000032ff       0x34 analog.o
 .debug_macro   0x00003333       0x18 analog.o
 .debug_macro   0x0000334b       0x6c analog.o
 .debug_macro   0x000033b7       0x10 analog.o
 .debug_macro   0x000033c7       0x89 analog.o
 .debug_macro   0x00003450      0x181 analog.o
 .debug_macro   0x000035d1       0x22 analog.o
 .debug_macro   0x000035f3      0x439 Descriptors.o
 .debug_macro   0x00003a2c       0xaa Descriptors.o
 .debug_macro   0x00003ad6       0x12 Descriptors.o
 .debug_macro   0x00003ae8       0x10 Descriptors.o
 .debug_macro   0x00003af8       0x22 Descriptors.o
 .debug_macro   0x00003b1a       0x16 Descriptors.o
 .debug_macro   0x00003b30       0x20 Descriptors.o
 .debug_macro   0x00003b50       0xef Descriptors.o
 .debug_macro   0x00003c3f       0x22 Descriptors.o
 .debug_macro   0x00003c61      0x199 Descriptors.o
 .debug_macro   0x00003dfa       0x2f Descriptors.o
 .debug_macro   0x00003e29       0x1c Descriptors.o
 .debug_macro   0x00003e45       0x68 Descriptors.o
 .debug_macro   0x00003ead       0x28 Descriptors.o
 .debug_macro   0x00003ed5       0x69 Descriptors.o
 .debug_macro   0x00003f3e       0x87 Descriptors.o
 .debug_macro   0x00003fc5       0x35 Descriptors.o
 .debug_macro   0x00003ffa      0x10c Descriptors.o
 .debug_macro   0x00004106      0x160 Descriptors.o
 .debug_macro   0x00004266      0x167 Descriptors.o
 .debug_macro   0x000043cd       0x10 Descriptors.o
 .debug_macro   0x000043dd       0x1c Descriptors.o
 .debug_macro   0x000043f9       0x86 Descriptors.o
 .debug_macro   0x0000447f       0x3c Descriptors.o
 .debug_macro   0x000044bb       0x19 Descriptors.o
 .debug_macro   0x000044d4       0x4d Descriptors.o
 .debug_macro   0x00004521       0x73 Descriptors.o
 .debug_macro   0x00004594       0x16 Descriptors.o
 .debug_macro   0x000045aa       0x12 Descriptors.o
 .debug_macro   0x000045bc       0x22 Descriptors.o
 .debug_macro   0x000045de       0x64 Descriptors.o
 .debug_macro   0x00004642       0x41 Descriptors.o
 .debug_macro   0x00004683       0x10 Descriptors.o
 .debug_macro   0x00004693       0x1c Descriptors.o
 .debug_macro   0x000046af       0x16 Descriptors.o
 .debug_macro   0x000046c5       0x16 Descriptors.o
 .debug_macro   0x000046db      0x12c Descriptors.o
 .debug_macro   0x00004807       0x16 Descriptors.o
 .debug_macro   0x0000481d       0x46 Descriptors.o
 .debug_macro   0x00004863       0x58 Descriptors.o
 .debug_macro   0x000048bb       0x10 Descriptors.o
 .debug_macro   0x000048cb       0x35 Descriptors.o
 .debug_macro   0x00004900       0xeb Descriptors.o
 .debug_macro   0x000049eb       0x16 Descriptors.o
 .debug_macro   0x00004a01      0x154 Descriptors.o
 .debug_macro   0x00004b55       0x2a Descriptors.o
 .debug_macro   0x00004b7f      0x6ce Descriptors.o
 .debug_macro   0x0000524d       0x16 Descriptors.o
 .debug_macro   0x00005263      0x132 Descriptors.o
 .debug_macro   0x00005395       0x16 Descriptors.o
 .debug_macro   0x000053ab       0x10 Descriptors.o
 .debug_macro   0x000053bb       0x6c Descriptors.o
 .debug_macro   0x00005427       0x16 Descriptors.o
 .debug_macro   0x0000543d       0x1c Descriptors.o
 .debug_macro   0x00005459       0x16 Descriptors.o
 .debug_macro   0x0000546f       0x10 Descriptors.o
 .debug_macro   0x0000547f      0x1be Descriptors.o
 .debug_macro   0x0000563d       0x16 Descriptors.o
 .debug_macro   0x00005653       0x10 Descriptors.o
 .debug_macro   0x00005663      0x494 Joystick.o
 .debug_macro   0x00005af7       0x76 Joystick.o
 .debug_macro   0x00005b6d       0xab Joystick.o
 .debug_macro   0x00005c18       0x97 Joystick.o
 .debug_macro   0x00005caf       0x16 Joystick.o
 .debug_macro   0x00005cc5       0x12 Joystick.o
 .debug_macro   0x00005cd7      0x175 Joystick.o
 .debug_macro   0x00005e4c       0x16 Joystick.o
 .debug_macro   0x00005e62       0x10 Joystick.o
 .debug_macro   0x00005e72       0x22 Joystick.o
 .debug_macro   0x00005e94       0x3a Joystick.o
 .debug_macro   0x00005ece       0x16 Joystick.o
 .debug_macro   0x00005ee4       0x22 Joystick.o
 .debug_macro   0x00005f06      0x446 src/LUFA/LUFA/Drivers/USB/Class/Device/HIDClassDevice.o
 .debug_macro   0x0000634c      0x60e src/LUFA/LUFA/Drivers/USB/Core/AVR8/EndpointStream_AVR8.o
 .debug_macro   0x0000695a       0x28 src/LUFA/LUFA/Drivers/USB/Core/AVR8/EndpointStream_AVR8.o
 .debug_macro   0x00006982       0x1c src/LUFA/LUFA/Drivers/USB/Core/AVR8/EndpointStream_AVR8.o
 .debug_macro   0x0000699e       0x1c src/LUFA/LUFA/Drivers/USB/Core/AVR8/EndpointStream_AVR8.o
 .debug_macro   0x000069ba      0x2a5 src/LUFA/LUFA/Drivers/USB/Core/AVR8/Endpoint_AVR8.o
 .debug_macro   0x00006c5f       0x10 src/LUFA/LUFA/Drivers/USB/Core/AVR8/Endpoint_AVR8.o
 .debug_macro   0x00006c6f      0x277 src/LUFA/LUFA/Drivers/USB/Core/AVR8/USBController_AVR8.o
 .debug_macro   0x00006ee6       0x79 src/LUFA/LUFA/Drivers/USB/Core/AVR8/USBController_AVR8.o
 .debug_macro   0x00006f5f      0x27f src/LUFA/LUFA/Drivers/USB/Core/AVR8/USBInterrupt_AVR8.o
 .debug_macro   0x000071de      0x27d src/LUFA/LUFA/Drivers/USB/Core/DeviceStandardReq.o
 .debug_macro   0x0000745b      0x182 src/LUFA/LUFA/Drivers/USB/Core/Events.o
 .debug_macro   0x000075dd      0x283 src/LUFA/LUFA/Drivers/USB/Core/USBTask.o
OUTPUT(Datch Hardcore G27 Racing Wheel.elf elf32-avr)
LOAD linker stubs
